GNU gdb (Ubuntu 8.1.1-0ubuntu1) 8.1.1
Copyright (C) 2018 Free Software Foundation, Inc.
License GPLv3+: GNU GPL version 3 or later <http://gnu.org/licenses/gpl.html>
This is free software: you are free to change and redistribute it.
There is NO WARRANTY, to the extent permitted by law.  Type "show copying"
and "show warranty" for details.
This GDB was configured as "x86_64-linux-gnu".
Type "show configuration" for configuration details.
For bug reporting instructions, please see:
<http://www.gnu.org/software/gdb/bugs/>.
Find the GDB manual and other documentation resources online at:
<http://www.gnu.org/software/gdb/documentation/>.
For help, type "help".
Type "apropos word" to search for commands related to "word"...
Reading symbols from a.out...done.
(gdb) b main
Breakpoint 1 at 0x9c7: file p4original.c, line 62.
(gdb) r
Starting program: /home/runner/Test3Session1/a.out 
warning: Error disabling address space randomization: Operation not permitted

Breakpoint 1, main () at p4original.c:62
62  {
(gdb) n
65      n=inputn();
(gdb) n
Enter the degree of the polynomial:2
66      x=inputx();
(gdb) n

Enter the value of x:2
67      inputco(n,a);
(gdb) n

Enter the coefficients of the polynomial:1

Enter the coefficients of the polynomial:2

Enter the coefficients of the polynomial:3
68      result=evaluate(n,x,a);
(gdb) n
69      output(n,x,a,result);
(gdb) n
1.000000x^0+2.000000x^1+3.000000x^2 at 2.000000 is17.000000
70      return 0;
(gdb) n
71  }(gdb)
